EN bc NULL C:/Users/Usuario/Desktop/calc_media_arit/bc.vhd sub00/vhpl00 1527478468
AR mux behavioral C:/Users/Usuario/Desktop/calc_media_arit/mux.vhd sub00/vhpl05 1527478459
AR reg behavioral C:/Users/Usuario/Desktop/calc_media_arit/register.vhd sub00/vhpl03 1527478457
EN bo NULL C:/Users/Usuario/Desktop/calc_media_arit/bo.vhd sub00/vhpl10 1527478466
AR bc behavioral C:/Users/Usuario/Desktop/calc_media_arit/bc.vhd sub00/vhpl01 1527478469
AR maquina behavioral C:/Users/Usuario/Desktop/calc_media_arit/maquina.vhd sub00/vhpl15 1527478471
EN memoria NULL C:/Users/Usuario/Desktop/calc_media_arit/memoria.vhd sub00/vhpl12 1527478464
EN maquina NULL C:/Users/Usuario/Desktop/calc_media_arit/maquina.vhd sub00/vhpl14 1527478470
EN mux NULL C:/Users/Usuario/Desktop/calc_media_arit/mux.vhd sub00/vhpl04 1527478458
AR alu behavioral C:/Users/Usuario/Desktop/calc_media_arit/alu.vhd sub00/vhpl07 1527478461
AR bo behavioral C:/Users/Usuario/Desktop/calc_media_arit/bo.vhd sub00/vhpl11 1527478467
EN comparator NULL C:/Users/Usuario/Desktop/calc_media_arit/check_menor.vhd sub00/vhpl08 1527478462
EN reg NULL C:/Users/Usuario/Desktop/calc_media_arit/register.vhd sub00/vhpl02 1527478456
AR comparator behavioral C:/Users/Usuario/Desktop/calc_media_arit/check_menor.vhd sub00/vhpl09 1527478463
EN alu NULL C:/Users/Usuario/Desktop/calc_media_arit/alu.vhd sub00/vhpl06 1527478460
AR memoria behavioral C:/Users/Usuario/Desktop/calc_media_arit/memoria.vhd sub00/vhpl13 1527478465
