V3 22
FL C:/Users/Usuario/Desktop/calc_media_arit/alu.vhd 2018/05/22.23:30:07 P.28xd
EN work/alu 1527128208 FL C:/Users/Usuario/Desktop/calc_media_arit/alu.vhd \
      PB ieee/std_logic_1164 1341906176 PB ieee/STD_LOGIC_UNSIGNED 1341906179
AR work/alu/Behavioral 1527128209 \
      FL C:/Users/Usuario/Desktop/calc_media_arit/alu.vhd EN work/alu 1527128208
FL C:/Users/Usuario/Desktop/calc_media_arit/bc.vhd 2018/05/22.23:29:04 P.28xd
EN work/bc 1527042548 FL C:/Users/Usuario/Desktop/calc_media_arit/bc.vhd \
      PB ieee/std_logic_1164 1341906176
AR work/bc/Behavioral 1527042549 \
      FL C:/Users/Usuario/Desktop/calc_media_arit/bc.vhd EN work/bc 1527042548
FL C:/Users/Usuario/Desktop/calc_media_arit/bo.vhd 2018/05/23.23:16:41 P.28xd
EN work/bo 1527128212 FL C:/Users/Usuario/Desktop/calc_media_arit/bo.vhd \
      PB ieee/std_logic_1164 1341906176
AR work/bo/Behavioral 1527128213 \
      FL C:/Users/Usuario/Desktop/calc_media_arit/bo.vhd EN work/bo 1527128212 \
      CP reg CP mux CP alu CP comparator
FL C:/Users/Usuario/Desktop/calc_media_arit/check_menor.vhd 2018/05/22.23:33:46 P.28xd
EN work/comparator 1527128210 \
      FL C:/Users/Usuario/Desktop/calc_media_arit/check_menor.vhd \
      PB ieee/std_logic_1164 1341906176
AR work/comparator/Behavioral 1527128211 \
      FL C:/Users/Usuario/Desktop/calc_media_arit/check_menor.vhd \
      EN work/comparator 1527128210
FL C:/Users/Usuario/Desktop/calc_media_arit/mux.vhd 2018/05/22.23:30:29 P.28xd
EN work/mux 1527128206 FL C:/Users/Usuario/Desktop/calc_media_arit/mux.vhd \
      PB ieee/std_logic_1164 1341906176
AR work/mux/Behavioral 1527128207 \
      FL C:/Users/Usuario/Desktop/calc_media_arit/mux.vhd EN work/mux 1527128206
FL C:/Users/Usuario/Desktop/calc_media_arit/register.vhd 2018/05/22.23:21:17 P.28xd
EN work/reg 1527128204 FL C:/Users/Usuario/Desktop/calc_media_arit/register.vhd \
      PB ieee/std_logic_1164 1341906176
AR work/reg/Behavioral 1527128205 \
      FL C:/Users/Usuario/Desktop/calc_media_arit/register.vhd EN work/reg 1527128204
